195.133.18.144 - - [18/Oct/2021:03:05:54 +0700] "POST /boaform/admin/formLogin HTTP/1.1" 404 493 "http://103.56.156.199:80/admin/login.asp" "Mozilla/5.0 (X11; Ubuntu; Linux x86_64; rv:71.0) Gecko/20100101 Firefox/71.0"     
45.61.184.37 - - [18/Oct/2021:03:18:48 +0700] "POST /boaform/admin/formLogin HTTP/1.1" 404 493 "http://103.56.156.199:80/admin/login.asp" "Mozilla/5.0 (X11; Ubuntu; Linux x86_64; rv:71.0) Gecko/20100101 Firefox/71.0"       
192.241.206.198 - - [18/Oct/2021:03:49:35 +0700] "GET /manager/text/list HTTP/1.1" 404 437 "-" "Mozilla/5.0 zgrab/0.x"
51.254.59.113 - - [18/Oct/2021:04:18:37 +0700] "GET / HTTP/1.1" 200 11192 "-" "Mozilla/5.0 (Windows NT 6.1) AppleWebKit/537.36 (KHTML, like Gecko) Chrome/41.0.2228.0 Safari/537.36"
45.143.99.69 - - [18/Oct/2021:04:39:57 +0700] "GET / HTTP/1.1" 200 11173 "-" "-"
5.188.210.227 - - [18/Oct/2021:04:45:21 +0700] "GET http://5.188.210.227/echo.php HTTP/1.1" 404 455 "https://www.google.com/" "Mozilla/5.0 (Windows NT 6.1) AppleWebKit/537.36 (KHTML, like Gecko) Chrome/70.0.3538.77 Safari/537.36"
195.133.18.144 - - [18/Oct/2021:04:57:27 +0700] "POST /boaform/admin/formLogin HTTP/1.1" 404 493 "http://103.56.156.199:80/admin/login.asp" "Mozilla/5.0 (X11; Ubuntu; Linux x86_64; rv:71.0) Gecko/20100101 Firefox/71.0"     
113.255.67.43 - - [18/Oct/2021:04:57:52 +0700] "GET / HTTP/1.0" 200 3440 "-" "Mozilla/5.0 (Windows NT 6.1; WOW64) Chrome"
95.133.2.98 - - [18/Oct/2021:04:59:43 +0700] "GET / HTTP/1.1" 200 11173 "-" "Mozilla/5.0 (Windows NT 10.0; WOW64) AppleWebKit/537.36 (KHTML, like Gecko) Chrome/51.0.2704.103 Safari/537.36"
195.133.18.144 - - [18/Oct/2021:05:18:02 +0700] "POST /boaform/admin/formLogin HTTP/1.1" 404 493 "http://103.56.156.199:80/admin/login.asp" "Mozilla/5.0 (X11; Ubuntu; Linux x86_64; rv:71.0) Gecko/20100101 Firefox/71.0"     
45.146.164.110 - - [18/Oct/2021:05:33:10 +0700] "POST /api/jsonws/invoke HTTP/1.1" 404 456 "-" "Mozilla/5.0 (Windows NT 10.0; Win64; x64) AppleWebKit/537.36 (KHTML, like Gecko) Chrome/78.0.3904.108 Safari/537.36"
45.146.164.110 - - [18/Oct/2021:05:33:10 +0700] "POST /vendor/phpunit/phpunit/src/Util/PHP/eval-stdin.php HTTP/1.1" 404 456 "-" "Mozilla/5.0 (Windows NT 10.0; Win64; x64) AppleWebKit/537.36 (KHTML, like Gecko) Chrome/78.0.3904.108 Safari/537.36"
45.146.164.110 - - [18/Oct/2021:05:33:11 +0700] "GET /solr/admin/info/system?wt=json HTTP/1.1" 404 456 "-" "Mozilla/5.0 (Windows NT 10.0; Win64; x64) AppleWebKit/537.36 (KHTML, like Gecko) Chrome/78.0.3904.108 Safari/537.36"
45.146.164.110 - - [18/Oct/2021:05:33:11 +0700] "GET /index.php?s=/Index/\\think\\app/invokefunction&function=call_user_func_array&vars[0]=md5&vars[1][]=HelloThinkPHP21 HTTP/1.1" 404 456 "-" "Mozilla/5.0 (Windows NT 10.0; Win64; x64) AppleWebKit/537.36 (KHTML, like Gecko) Chrome/78.0.3904.108 Safari/537.36"
45.146.164.110 - - [18/Oct/2021:05:33:12 +0700] "GET /vendor/phpunit/phpunit/src/Util/PHP/eval-stdin.php HTTP/1.1" 404 456 "-" "Mozilla/5.0 (Windows NT 10.0; Win64; x64) AppleWebKit/537.36 (KHTML, like Gecko) Chrome/78.0.3904.108 Safari/537.36"
45.146.164.110 - - [18/Oct/2021:05:33:12 +0700] "GET /?a=fetch&content=<php>die(@md5(HelloThinkCMF))</php> HTTP/1.1" 200 3440 "-" "Mozilla/5.0 (Windows NT 10.0; Win64; x64) AppleWebKit/537.36 (KHTML, like Gecko) Chrome/78.0.3904.108 Safari/537.36"
45.146.164.110 - - [18/Oct/2021:05:33:12 +0700] "GET /?XDEBUG_SESSION_START=phpstorm HTTP/1.1" 200 3440 "-" "Mozilla/5.0 (Windows NT 10.0; Win64; x64) AppleWebKit/537.36 (KHTML, like Gecko) Chrome/78.0.3904.108 Safari/537.36"
45.146.164.110 - - [18/Oct/2021:05:33:12 +0700] "GET /wp-content/plugins/wp-file-manager/readme.txt HTTP/1.1" 404 456 "-" "Mozilla/5.0 (Windows NT 10.0; Win64; x64) AppleWebKit/537.36 (KHTML, like Gecko) Chrome/78.0.3904.108 Safari/537.36"
45.146.164.110 - - [18/Oct/2021:05:33:13 +0700] "GET /console/ HTTP/1.1" 404 456 "-" "Mozilla/5.0 (Windows NT 10.0; Win64; x64) AppleWebKit/537.36 (KHTML, like Gecko) Chrome/78.0.3904.108 Safari/537.36"
45.146.164.110 - - [18/Oct/2021:05:33:13 +0700] "GET /_ignition/execute-solution HTTP/1.1" 404 456 "-" "Mozilla/5.0 (Windows NT 10.0; Win64; x64) AppleWebKit/537.36 (KHTML, like Gecko) Chrome/78.0.3904.108 Safari/537.36"   
45.146.164.110 - - [18/Oct/2021:05:33:13 +0700] "POST /Autodiscover/Autodiscover.xml HTTP/1.1" 404 456 "-" "Mozilla/5.0 (Windows NT 10.0; Win64; x64) AppleWebKit/537.36 (KHTML, like Gecko) Chrome/78.0.3904.108 Safari/537.36"
45.146.164.110 - - [18/Oct/2021:05:33:13 +0700] "GET / HTTP/1.1" 200 3440 "-" "Mozilla/5.0 (Windows NT 10.0; Win64; x64) AppleWebKit/537.36 (KHTML, like Gecko) Chrome/78.0.3904.108 Safari/537.36"
45.146.164.110 - - [18/Oct/2021:05:33:14 +0700] "POST /cgi-bin/.%2e/.%2e/.%2e/.%2e/bin/sh HTTP/1.1" 400 488 "-" "Mozilla/5.0 (Windows NT 10.0; Win64; x64) AppleWebKit/537.36 (KHTML, like Gecko) Chrome/78.0.3904.108 Safari/537.36"
209.141.51.171 - - [18/Oct/2021:05:43:07 +0700] "POST /boaform/admin/formLogin HTTP/1.1" 404 493 "http://103.56.156.199:80/admin/login.asp" "Mozilla/5.0 (X11; Ubuntu; Linux x86_64; rv:71.0) Gecko/20100101 Firefox/71.0"     
209.97.185.16 - - [18/Oct/2021:06:31:22 +0700] "GET / HTTP/1.1" 200 3440 "http://103.56.156.199:80/left.html" "Mozilla/5.0 (X11; Ubuntu; Linux x86_64; rv:77.0) Gecko/20100101 Firefox/77.0"
192.241.206.108 - - [18/Oct/2021:06:35:30 +0700] "GET /manager/html HTTP/1.1" 404 437 "-" "Mozilla/5.0 zgrab/0.x"
107.189.28.85 - - [18/Oct/2021:06:38:53 +0700] "POST /boaform/admin/formLogin HTTP/1.1" 404 493 "http://103.56.156.199:80/admin/login.asp" "Mozilla/5.0 (X11; Ubuntu; Linux x86_64; rv:71.0) Gecko/20100101 Firefox/71.0"      
113.75.223.23 - - [18/Oct/2021:07:08:15 +0700] "POST /GponForm/diag_Form?images/ HTTP/1.1" 404 488 "-" "Hello, World"
160.116.22.17 - - [18/Oct/2021:07:15:43 +0700] "\\x01\\x00\\x00\\x00 \\xbf\\x02\\x00\\x88\\x13\\x00\\x00\\x87\\x00\\x00\\x00NIMABIJIAN\\x04\\x03\\x00\\x00{\\x99Caig\\x9c\\x03\\xc7eB\\xc5\\t\\xc1\\x18a\\x11\\x1a\\x91\\x1f\\x02\\tcof\\x91\\xc0\\x80sJ5\\xd2\\x80\\xe6\\x9a~\\xb9\\xc7\\x83^\\x96\\xeeN\\x16\\x96\\x96&\\xe6\\x03\\xea\\xbc\\x81\\x02=\\xac\\x10\\xfa?7\\x03\\xc3\\xdf\\xf7\\xe4\\x98`p\\xe6\\x8d\\xc1\\xa9\\x8d\\xc6\\x06\\xdb\\xaf\\x91\\xe7\\x82s\\xf7\\x14H\\xd4\\xe1W\\x9a\\x93C\\x9e]\\xa4\\x01#\\x03#\\x03]\\x03c]CC\\x05C\\x03+S\\x03b\\xf4\\x00\\x00/\\x9e\\x16E\n" 400 488 "-" "-"
160.116.22.17 - - [18/Oct/2021:07:15:44 +0700] "GET / HTTP/1.1" 200 3421 "-" "Mozilla/5.0 (X11; Linux x86_64) AppleWebKit/537.36 (KHTML, like Gecko) Chrome/86.0.4 240.111 Safari/537.36"
160.116.22.17 - - [18/Oct/2021:07:15:44 +0700] "\x16\x03\x01" 400 488 "-" "-"
160.116.22.17 - - [18/Oct/2021:07:15:44 +0700] "\x16\x03\x01" 400 488 "-" "-"
160.116.22.17 - - [18/Oct/2021:07:15:44 +0700] "GET /favicon.ico HTTP/1.1" 404 437 "-" "Mozilla/5.0 (X11; Linux x86_64) AppleWebKit/537.36 (KHTML, like Gecko) Chrome/86.0.4 240.111 Safari/537.36"
160.116.22.17 - - [18/Oct/2021:07:15:44 +0700] "GET /robots.txt HTTP/1.1" 404 437 "-" "Mozilla/5.0 (X11; Linux x86_64) AppleWebKit/537.36 (KHTML, like Gecko) Chrome/86.0.4 240.111 Safari/537.36"
160.116.22.17 - - [18/Oct/2021:07:15:45 +0700] "GET /.well-known/security.txt HTTP/1.1" 404 437 "-" "Mozilla/5.0 (X11; Linux x86_64) AppleWebKit/537.36 (KHTML, like Gecko) Chrome/86.0.4 240.111 Safari/537.36"
109.74.15.244 - - [18/Oct/2021:07:36:46 +0700] "POST / HTTP/1.1" 200 3477 "-" "Mozilla/5.0 (X11; Linux x86_64) AppleWebKit/537.36 (KHTML, like Gecko) Chrome/81.0.4044.129 Safari/537.36"
109.74.15.244 - - [18/Oct/2021:07:36:47 +0700] "GET /.env HTTP/1.1" 404 493 "-" "Mozilla/5.0 (X11; Linux x86_64) AppleWebKit/537.36 (KHTML, like Gecko) Chrome/81.0.4044.129 Safari/537.36"
209.141.56.209 - - [18/Oct/2021:08:33:45 +0700] "GET / HTTP/1.1" 200 3440 "-" "Linux Gnu (cow)"
45.137.20.135 - - [18/Oct/2021:08:37:01 +0700] "GET / HTTP/1.1" 200 11192 "-" "-"
62.210.188.102 - - [18/Oct/2021:08:38:14 +0700] "GET /.env HTTP/1.1" 404 493 "-" "Mozilla/5.0 (Linux; U; Android 4.4.2; en-US; HM NOTE 1W Build/KOT49H) AppleWebKit/534.30 (KHTML, like Gecko) Version/4.0 UCBrowser/11.0.5.850 U3/0.8.0 Mobile Safari/534.30"
62.210.188.102 - - [18/Oct/2021:08:38:15 +0700] "POST / HTTP/1.1" 200 3477 "-" "Mozilla/5.0 (Linux; U; Android 4.4.2; en-US; HM NOTE 1W Build/KOT49H) AppleWebKit/534.30 (KHTML, like Gecko) Version/4.0 UCBrowser/11.0.5.850 U3/0.8.0 Mobile Safari/534.30"
209.97.185.16 - - [18/Oct/2021:08:45:16 +0700] "GET / HTTP/1.1" 200 3440 "http://103.56.156.199:80/left.html" "Mozilla/5.0 (X11; Ubuntu; Linux x86_64; rv:77.0) Gecko/20100101 Firefox/77.0"
45.137.20.135 - - [18/Oct/2021:09:02:31 +0700] "GET / HTTP/1.1" 200 11192 "-" "-"
34.223.113.131 - - [18/Oct/2021:09:16:57 +0700] "GET / HTTP/1.1" 200 3440 "-" "Mozilla/5.0 (Macintosh; Intel Mac OS X 10_11_5) AppleWebKit/537.36 (KHTML, like Gecko) Chrome/50.0.2661.102 Safari/537.36"
205.185.120.103 - - [18/Oct/2021:09:38:28 +0700] "GET / HTTP/1.1" 200 3440 "-" "Linux Gnu (cow)"
209.141.41.111 - - [18/Oct/2021:09:52:13 +0700] "GET /config/getuser?index=0 HTTP/1.1" 404 456 "-" "Mozilla/5.0 (X11; Ubuntu; Linux x86_64; rv:76.0) Gecko/20100101 Firefox/76.0"
45.137.20.135 - - [18/Oct/2021:09:02:31 +0700] "GET / HTTP/1.1" 200 11192 "-" "-"
34.223.113.131 - - [18/Oct/2021:09:16:57 +0700] "GET / HTTP/1.1" 200 3440 "-" "Mozilla/5.0 (Macintosh; Intel Mac OS X 10_11_5) AppleWebKit/537.36 (KHTML, like Gecko) Chrome/50.0.2661.102 Safari/537.36"
205.185.120.103 - - [18/Oct/2021:09:38:28 +0700] "GET / HTTP/1.1" 200 3440 "-" "Linux Gnu (cow)"
34.223.113.131 - - [18/Oct/2021:09:16:57 +0700] "GET / HTTP/1.1" 200 3440 "-" "Mozilla/5.0 (Macintosh; Intel Mac OS X 10_11_5) AppleWebKit/537.36 (KHTML, like Gecko) Chrome/50.0.2661.102 Safari/537.36"
205.185.120.103 - - [18/Oct/2021:09:38:28 +0700] "GET / HTTP/1.1" 200 3440 "-" "Linux Gnu (cow)"
205.185.120.103 - - [18/Oct/2021:09:38:28 +0700] "GET / HTTP/1.1" 200 3440 "-" "Linux Gnu (cow)"
209.141.41.111 - - [18/Oct/2021:09:52:13 +0700] "GET /config/getuser?index=0 HTTP/1.1" 404 456 "-" "Mozilla/5.0 (X11; Ubuntu; Linux x86_64; rv:76.0) Gecko/20100101 Firefox/76.0"
45.137.20.135 - - [18/Oct/2021:09:02:31 +0700] "GET / HTTP/1.1" 200 11192 "-" "-"
34.223.113.131 - - [18/Oct/2021:09:16:57 +0700] "GET / HTTP/1.1" 200 3440 "-" "Mozilla/5.0 (Macintosh; Intel Mac OS X 10_11_5) AppleWebKit/537.36 (KHTML, like Gecko) Chrome/50.0.2661.102 Safari/537.36"
205.185.120.103 - - [18/Oct/2021:09:38:28 +0700] "GET / HTTP/1.1" 200 3440 "-" "Linux Gnu (cow)"
34.223.113.131 - - [18/Oct/2021:09:16:57 +0700] "GET / HTTP/1.1" 200 3440 "-" "Mozilla/5.0 (Macintosh; Intel Mac OS X 10_11_5) AppleWebKit/537.36 (KHTML, like Gecko) Chrome/50.0.2661.102 Safari/537.36"
205.185.120.103 - - [18/Oct/2021:09:38:28 +0700] "GET / HTTP/1.1" 200 3440 "-" "Linux Gnu (cow)"
34.223.113.131 - - [18/Oct/2021:09:16:57 +0700] "GET / HTTP/1.1" 200 3440 "-" "Mozilla/5.0 (Macintosh; Intel Mac OS X 10_11_5) AppleWebKit/537.36 (KHTML, like Gecko) Chrome/50.0.2661.102 Safari/537.36"
205.185.120.103 - - [18/Oct/2021:09:38:28 +0700] "GET / HTTP/1.1" 200 3440 "-" "Linux Gnu (cow)"
205.185.120.103 - - [18/Oct/2021:09:38:28 +0700] "GET / HTTP/1.1" 200 3440 "-" "Linux Gnu (cow)"
34.223.113.131 - - [18/Oct/2021:09:16:57 +0700] "GET / HTTP/1.1" 200 3440 "-" "Mozilla/5.0 (Macintosh; Intel Mac OS X 10_11_5) AppleWebKit/537.36 (KHTML, like Gecko) Chrome/50.0.2661.102 Safari/537.36"
205.185.120.103 - - [18/Oct/2021:09:38:28 +0700] "GET / HTTP/1.1" 200 3440 "-" "Linux Gnu (cow)"
205.185.120.103 - - [18/Oct/2021:09:38:28 +0700] "GET / HTTP/1.1" 200 3440 "-" "Linux Gnu (cow)"
205.185.120.103 - - [18/Oct/2021:09:38:28 +0700] "GET / HTTP/1.1" 200 3440 "-" "Linux Gnu (cow)"
34.223.113.131 - - [18/Oct/2021:09:16:57 +0700] "GET / HTTP/1.1" 200 3440 "-" "Mozilla/5.0 (Macintosh; Intel Mac OS X 10_11_5) AppleWebKit/537.36 (KHTML, like Gecko) Chrome/50.0.2661.102 Safari/537.36"
205.185.120.103 - - [18/Oct/2021:09:38:28 +0700] "GET / HTTP/1.1" 200 3440 "-" "Linux Gnu (cow)"